To honour the JVM settings for this build a single-use Daemon process will be forked. For more on this, please refer to https://docs.gradle.org/9.1.0/userguide/gradle_daemon.html#sec:disabling_the_daemon in the Gradle documentation.
Daemon will be stopped at the end of the build 
> Task :app:preBuild UP-TO-DATE
> Task :app:preDebugBuild UP-TO-DATE
> Task :app:mergeDebugNativeDebugMetadata NO-SOURCE
> Task :app:generateDebugResources UP-TO-DATE
> Task :app:packageDebugResources UP-TO-DATE
> Task :app:processDebugNavigationResources UP-TO-DATE
> Task :app:parseDebugLocalResources UP-TO-DATE
> Task :app:generateDebugRFile UP-TO-DATE
> Task :app:javaPreCompileDebug UP-TO-DATE
> Task :app:generateDebugAssets UP-TO-DATE
> Task :app:mergeDebugAssets UP-TO-DATE
> Task :app:compressDebugAssets UP-TO-DATE
> Task :app:checkDebugDuplicateClasses UP-TO-DATE
> Task :app:desugarDebugFileDependencies UP-TO-DATE
> Task :app:mergeExtDexDebug UP-TO-DATE
> Task :app:mergeLibDexDebug UP-TO-DATE
> Task :app:checkDebugAarMetadata UP-TO-DATE
> Task :app:compileDebugNavigationResources UP-TO-DATE
> Task :app:mapDebugSourceSetPaths UP-TO-DATE
> Task :app:mergeDebugResources UP-TO-DATE
> Task :app:createDebugCompatibleScreenManifests UP-TO-DATE
> Task :app:extractDeepLinksDebug UP-TO-DATE
> Task :app:processDebugMainManifest UP-TO-DATE
> Task :app:processDebugManifest UP-TO-DATE
> Task :app:processDebugManifestForPackage UP-TO-DATE
> Task :app:processDebugResources UP-TO-DATE
> Task :app:mergeDebugJniLibFolders UP-TO-DATE
> Task :app:mergeDebugNativeLibs UP-TO-DATE
> Task :app:stripDebugDebugSymbols UP-TO-DATE
> Task :app:validateSigningDebug UP-TO-DATE
> Task :app:writeDebugAppMetadata UP-TO-DATE
> Task :app:writeDebugSigningConfigVersions UP-TO-DATE

> Task :app:compileDebugKotlin
e: file:///home/haswanthtamil/Haswanth/Dev/Projects/App/SideShelf/app/src/main/java/com/panda/sideshelf/ClipboardStorage.kt:84:33 Smart cast to 'ShelfItem.ImageItem' is impossible, because 'finalItem' is a local variable that is mutated in a capturing closure.
e: file:///home/haswanthtamil/Haswanth/Dev/Projects/App/SideShelf/app/src/main/java/com/panda/sideshelf/ClipboardStorage.kt:91:49 Unresolved reference 'not' for operator '!'.
e: file:///home/haswanthtamil/Haswanth/Dev/Projects/App/SideShelf/app/src/main/java/com/panda/sideshelf/ClipboardStorage.kt:91:60 Unresolved reference 'uri'.
e: file:///home/haswanthtamil/Haswanth/Dev/Projects/App/SideShelf/app/src/main/java/com/panda/sideshelf/ClipboardStorage.kt:92:58 Unresolved reference 'uri'.
e: file:///home/haswanthtamil/Haswanth/Dev/Projects/App/SideShelf/app/src/main/java/com/panda/sideshelf/ClipboardStorage.kt:94:82 Unresolved reference 'uri'.
e: file:///home/haswanthtamil/Haswanth/Dev/Projects/App/SideShelf/app/src/main/java/com/panda/sideshelf/ClipboardStorage.kt:95:39 Unresolved reference 'copy'.

> Task :app:compileDebugKotlin FAILED

FAILURE: Build failed with an exception.

* What went wrong:
Execution failed for task ':app:compileDebugKotlin'.
> A failure occurred while executing org.jetbrains.kotlin.compilerRunner.GradleCompilerRunnerWithWorkers$GradleKotlinCompilerWorkAction
   > Compilation error. See log for more details

* Try:
> Run with --stacktrace option to get the stack trace.
> Run with --info or --debug option to get more log output.
> Run with --scan to generate a Build Scan (Powered by Develocity).
> Get more help at https://help.gradle.org.

BUILD FAILED in 24s
29 actionable tasks: 1 executed, 28 up-to-date
